<html>
<body>
<pre>
<h1>µVision Build Log</h1>
<h2>Tool Versions:</h2>
IDE-Version: •ÏVision V5.21.1.0
Copyright (C) 2016 ARM Ltd and ARM Germany GmbH. All rights reserved.
License Information: Duwon Jung, Eltronix, LIC=UJWQH-WZGAW-69UGF-44J5M-GT95F-MY3IC
 
Tool Versions:
Toolchain:       MDK-ARM Plus  Version: 5.21a
Toolchain Path:  C:\Keil_v5\ARM\ARMCC\Bin
C Compiler:      Armcc.exe V5.06 update 3 (build 300)
Assembler:       Armasm.exe V5.06 update 3 (build 300)
Linker/Locator:  ArmLink.exe V5.06 update 3 (build 300)
Library Manager: ArmAr.exe V5.06 update 3 (build 300)
Hex Converter:   FromElf.exe V5.06 update 3 (build 300)
CPU DLL:         SARMCM3.DLL V5.21a
Dialog DLL:      DARMCM1.DLL V1.14.0.0
Target DLL:      STLink\ST-LINKIII-KEIL_SWO.dll V2.0.18.0
Dialog DLL:      TARMCM1.DLL V1.10.0.0
 
<h2>Project:</h2>
C:\Users\duwon\Documents\GitHub\InproSDK\Projects\End_Node\MDK-ARM\Lora.uvprojx
Project File Date:  07/24/2020

<h2>Output:</h2>
*** Using Compiler 'V5.06 update 3 (build 300)', folder: 'C:\Keil_v5\ARM\ARMCC\Bin'
Build target 'mlm32l07x01'
compiling hw_gpio.c...
compiling hw_spi.c...
compiling bsp.c...
compiling debug.c...
compiling hw_rtc.c...
compiling mlm32l07x01.c...
compiling sx1276.c...
compiling mlm32l0xx_hal_msp.c...
compiling vcom.c...
compiling mlm32l0xx_it.c...
compiling main.c...
compiling mlm32l0xx_hw.c...
compiling LoRaMacCrypto.c...
compiling LoRaMac.c...
compiling LoRaMacAdr.c...
compiling LoRaMacSerializer.c...
compiling LoRaMacConfirmQueue.c...
compiling LoRaMacParser.c...
compiling LoRaMacCommands.c...
compiling LoRaMacClassB.c...
compiling Region.c...
compiling RegionCN470.c...
compiling RegionCommon.c...
compiling RegionEU433.c...
compiling RegionCN779.c...
compiling RegionAU915.c...
compiling RegionAS923.c...
compiling RegionEU868.c...
compiling utilities.c...
compiling low_power_manager.c...
compiling timeServer.c...
compiling RegionRU864.c...
compiling queue.c...
compiling RegionKR920.c...
compiling RegionIN865.c...
compiling RegionUS915.c...
compiling aes.c...
compiling trace.c...
compiling systime.c...
compiling cmac.c...
compiling soft-se.c...
linking...
Program Size: Code=50796 RO-data=1780 RW-data=252 ZI-data=6484  
FromELF: creating hex file...
".\mlm32l07x01\NUCLEO_CUBE_LORA.axf" - 0 Error(s), 0 Warning(s).

<h2>Collection of Component include folders:</h2>
  C:\Users\duwon\Documents\GitHub\InproSDK\Projects\End_Node\MDK-ARM\RTE
  C:\Keil_v5\ARM\PACK\Keil\STM32L0xx_DFP\2.0.1\Drivers\CMSIS\Device\ST\STM32L0xx\Include

<h2>Collection of Component Files used:</h2>
Build Time Elapsed:  00:00:22
</pre>
</body>
</html>
